== MISP DB dump (VM103) 20260812-021131 ==
dump rc=0
-rw-r--r-- 1 root root 149433572 Aug 12 02:11 /var/backups/mct/misp-db-20260812-021131.sql.gz
-- pull to Wazuh host --
-rw-r--r-- 1 user user 149433572 Aug 12 02:12 /opt/mct-security-stack/ops/backups/vm103/misp-db-20260812-021131.sql.gz
OK: pulled
Done
== MISP DB dump (VM103) 20260812-043501 ==
dump rc=0
-rw-r--r-- 1 root root 149457444 Aug 12 04:35 /var/backups/mct/misp-db-20260812-043501.sql.gz
-- pull to Wazuh host --
-rw-r--r-- 1 user user 149457444 Aug 12 04:35 /opt/mct-security-stack/ops/backups/vm103/misp-db-20260812-043501.sql.gz
OK: pulled
Done
== MISP DB dump (VM103) 20260813-043501 ==
dump rc=0
-rw-r--r-- 1 root root 150099658 Aug 13 04:35 /var/backups/mct/misp-db-20260813-043501.sql.gz
-- pull to Wazuh host --
-rw-r--r-- 1 user user 150099658 Aug 13 04:35 /opt/mct-security-stack/ops/backups/vm103/misp-db-20260813-043501.sql.gz
OK: pulled
Done
== MISP DB dump (VM103) 20260814-043501 ==
dump rc=0
-rw-r--r-- 1 root root 150122580 Aug 14 04:35 /var/backups/mct/misp-db-20260814-043501.sql.gz
-- pull to Wazuh host --
-rw-r--r-- 1 user user 150122580 Aug 14 04:35 /opt/mct-security-stack/ops/backups/vm103/misp-db-20260814-043501.sql.gz
OK: pulled
Done
== MISP DB dump (VM103) 20260815-043501 ==
dump rc=0
-rw-r--r-- 1 root root 151604388 Aug 15 04:35 /var/backups/mct/misp-db-20260815-043501.sql.gz
-- pull to Wazuh host --
-rw-r--r-- 1 user user 151604388 Aug 15 04:35 /opt/mct-security-stack/ops/backups/vm103/misp-db-20260815-043501.sql.gz
OK: pulled
Done
== MISP DB dump (VM103) 20260816-043501 ==
dump rc=0
-rw-r--r-- 1 root root 151622281 Aug 16 04:35 /var/backups/mct/misp-db-20260816-043501.sql.gz
-- pull to Wazuh host --
-rw-r--r-- 1 user user 151622281 Aug 16 04:35 /opt/mct-security-stack/ops/backups/vm103/misp-db-20260816-043501.sql.gz
OK: pulled
Done
